%!Adobe-FontList 1.14
%Locale:0x412

%BeginFont
Handler:DirectoryHandler
FontType:Invalid
OutlineFileName:D:\02_제작\03_이티플랫\HTML\01_본사\images1\Font\Gotham-Black.eot
FileModTime:1467269571
%EndFont

%BeginFont
Handler:DirectoryHandler
FontType:Invalid
OutlineFileName:D:\02_제작\03_이티플랫\HTML\01_본사\images1\Font\Gotham-Black.woff
FileModTime:1467269571
%EndFont

%BeginFont
Handler:DirectoryHandler
FontType:Invalid
OutlineFileName:D:\02_제작\03_이티플랫\HTML\01_본사\images1\Font\Gotham-Book.eot
FileModTime:1467269571
%EndFont

%BeginFont
Handler:DirectoryHandler
FontType:Invalid
OutlineFileName:D:\02_제작\03_이티플랫\HTML\01_본사\images1\Font\Gotham-Book.woff
FileModTime:1467269571
%EndFont

%BeginFont
Handler:DirectoryHandler
FontType:Invalid
OutlineFileName:D:\02_제작\03_이티플랫\HTML\01_본사\images1\Font\HerrVonMuellerhoff-Regular.eot
FileModTime:1467269571
%EndFont

%BeginFont
Handler:DirectoryHandler
FontType:Invalid
OutlineFileName:D:\02_제작\03_이티플랫\HTML\01_본사\images1\Font\HerrVonMuellerhoff-Regular.woff
FileModTime:1467269571
%EndFont

%BeginFont
Handler:DirectoryHandler
FontType:Invalid
OutlineFileName:D:\02_제작\03_이티플랫\HTML\01_본사\images1\Font\NanumBarunGothic.eot
FileModTime:1467269571
%EndFont

%BeginFont
Handler:DirectoryHandler
FontType:Invalid
OutlineFileName:D:\02_제작\03_이티플랫\HTML\01_본사\images1\Font\NanumBarunGothic.woff
FileModTime:1467269571
%EndFont

%BeginFont
Handler:DirectoryHandler
FontType:Invalid
OutlineFileName:D:\02_제작\03_이티플랫\HTML\01_본사\images1\Font\NanumBarunGothicBold.eot
FileModTime:1467269571
%EndFont

%BeginFont
Handler:DirectoryHandler
FontType:Invalid
OutlineFileName:D:\02_제작\03_이티플랫\HTML\01_본사\images1\Font\NanumBarunGothicBold.woff
FileModTime:1467269571
%EndFont

